#-----------------------------------------------------------
# Vivado v2021.2 (64-bit)
# SW Build 3367213 on Tue Oct 19 02:47:39 MDT 2021
# IP Build 3369179 on Thu Oct 21 08:25:16 MDT 2021
# Start of session at: Fri Apr  7 16:18:56 2023
# Process ID: 1755151
# Current directory: /home/lee/rebuild_oled_switch_cmd/vivado-risc-v/workspace/rocket64b1/vivado-genesys2-riscv/genesys2-riscv.runs/riscv_RocketChip_0_synth_1
# Command line: vivado -log riscv_RocketChip_0.vds -product Vivado -mode batch -messageDb vivado.pb -notrace -source riscv_RocketChip_0.tcl
# Log file: /home/lee/rebuild_oled_switch_cmd/vivado-risc-v/workspace/rocket64b1/vivado-genesys2-riscv/genesys2-riscv.runs/riscv_RocketChip_0_synth_1/riscv_RocketChip_0.vds
# Journal file: /home/lee/rebuild_oled_switch_cmd/vivado-risc-v/workspace/rocket64b1/vivado-genesys2-riscv/genesys2-riscv.runs/riscv_RocketChip_0_synth_1/vivado.jou
# Running On: lee-virtual-machine, OS: Linux, CPU Frequency: 3600.000 MHz, CPU Physical cores: 6, Host memory: 63805 MB
#-----------------------------------------------------------
source riscv_RocketChip_0.tcl -notrace
